// Jest Snapshot v1, https://goo.gl/fbAQLP

exports[`split matches snapshot 1`] = `
<DocumentFragment>
  <span
    class=""
    data-mui-internal-clone-element="true"
  >
    <button
      class="MuiButtonBase-root MuiIconButton-root MuiIconButton-sizeSmall css-1rb4sk0-MuiButtonBase-root-MuiIconButton-root"
      tabindex="0"
      type="button"
    >
      <svg
        aria-hidden="true"
        class="MuiSvgIcon-root MuiSvgIcon-fontSizeMedium css-lr4af1-MuiSvgIcon-root"
        data-testid="BoltIcon"
        focusable="false"
        viewBox="0 0 24 24"
      >
        <path
          d="M11 21h-1l1-7H7.5c-.58 0-.57-.32-.38-.66.19-.34.05-.08.07-.12C8.48 10.94 10.42 7.54 13 3h1l-1 7h3.5c.49 0 .56.33.47.51l-.07.15C12.96 17.55 11 21 11 21"
        />
      </svg>
      <span
        class="MuiTouchRipple-root css-8je8zh-MuiTouchRipple-root"
      />
    </button>
  </span>
</DocumentFragment>
`;
