// Jest Snapshot v1, https://goo.gl/fbAQLP

exports[`List Component matches snapshot 1`] = `
<DocumentFragment>
  <table
    class="MuiTable-root css-rqglhn-MuiTable-root"
  >
    <thead
      class="MuiTableHead-root css-15wwp11-MuiTableHead-root"
    >
      <tr
        class="MuiTableRow-root MuiTableRow-head css-1q1u3t4-MuiTableRow-root"
      >
        <th
          class="MuiTableCell-root MuiTableCell-head MuiTableCell-sizeSmall css-1howxi1-MuiTableCell-root"
          scope="col"
        >
          method
        </th>
        <th
          class="MuiTableCell-root MuiTableCell-head MuiTableCell-sizeSmall css-1howxi1-MuiTableCell-root"
          scope="col"
        >
          transactionId
        </th>
        <th
          class="MuiTableCell-root MuiTableCell-head MuiTableCell-sizeSmall css-1howxi1-MuiTableCell-root"
          scope="col"
        >
          amount
        </th>
        <th
          class="MuiTableCell-root MuiTableCell-head MuiTableCell-sizeSmall css-1howxi1-MuiTableCell-root"
          scope="col"
        >
          status
        </th>
        <th
          class="MuiTableCell-root MuiTableCell-head MuiTableCell-sizeSmall css-1howxi1-MuiTableCell-root"
          scope="col"
        >
          createdAt
        </th>
        <th
          class="MuiTableCell-root MuiTableCell-head MuiTableCell-sizeSmall css-1howxi1-MuiTableCell-root"
          scope="col"
        >
          updatedAt
        </th>
        <th
          class="MuiTableCell-root MuiTableCell-head MuiTableCell-sizeSmall css-1howxi1-MuiTableCell-root"
          scope="col"
        >
          recurrentPayment
        </th>
      </tr>
    </thead>
    <tbody
      class="MuiTableBody-root css-apqrd9-MuiTableBody-root"
    >
      <tr
        class="MuiTableRow-root MuiTableRow-hover css-rj1dqh-MuiTableRow-root"
      >
        <td
          class="MuiTableCell-root MuiTableCell-body MuiTableCell-sizeSmall css-dsuxgy-MuiTableCell-root"
        >
          credit_card
        </td>
        <td
          class="MuiTableCell-root MuiTableCell-body MuiTableCell-sizeSmall css-dsuxgy-MuiTableCell-root"
        >
          txn_123
        </td>
        <td
          class="MuiTableCell-root MuiTableCell-body MuiTableCell-sizeSmall css-dsuxgy-MuiTableCell-root"
        >
          € 1.000,00
        </td>
        <td
          class="MuiTableCell-root MuiTableCell-body MuiTableCell-sizeSmall css-dsuxgy-MuiTableCell-root"
        >
          <div
            class="MuiBox-root css-1nzqqgc"
          >
            paid
          </div>
        </td>
        <td
          class="MuiTableCell-root MuiTableCell-body MuiTableCell-sizeSmall css-dsuxgy-MuiTableCell-root"
        >
          2024/01/01
        </td>
        <td
          class="MuiTableCell-root MuiTableCell-body MuiTableCell-sizeSmall css-dsuxgy-MuiTableCell-root"
        >
          2024/01/01
        </td>
        <td
          class="MuiTableCell-root MuiTableCell-body MuiTableCell-sizeSmall css-dsuxgy-MuiTableCell-root"
        >
          <div
            class="MuiBox-root css-70qvj9"
          >
            <span
              class="MuiButtonBase-root MuiCheckbox-root MuiCheckbox-colorPrimary PrivateSwitchBase-root MuiCheckbox-root MuiCheckbox-colorPrimary MuiCheckbox-root MuiCheckbox-colorPrimary css-12wnr2w-MuiButtonBase-root-MuiCheckbox-root"
            >
              <input
                class="PrivateSwitchBase-input css-1m9pwf3"
                data-indeterminate="false"
                type="checkbox"
              />
              <svg
                aria-hidden="true"
                class="MuiSvgIcon-root MuiSvgIcon-fontSizeMedium css-i4bv87-MuiSvgIcon-root"
                data-testid="CheckBoxOutlineBlankIcon"
                focusable="false"
                viewBox="0 0 24 24"
              >
                <path
                  d="M19 5v14H5V5h14m0-2H5c-1.1 0-2 .9-2 2v14c0 1.1.9 2 2 2h14c1.1 0 2-.9 2-2V5c0-1.1-.9-2-2-2z"
                />
              </svg>
              <span
                class="MuiTouchRipple-root css-8je8zh-MuiTouchRipple-root"
              />
            </span>
          </div>
        </td>
      </tr>
      <tr
        class="MuiTableRow-root css-1q1u3t4-MuiTableRow-root"
      >
        <td
          class="MuiTableCell-root MuiTableCell-body MuiTableCell-sizeSmall css-1w6ohhk-MuiTableCell-root"
          colspan="7"
        />
      </tr>
    </tbody>
  </table>
  <div
    class="MuiTablePagination-root css-1a5aq4b-MuiTablePagination-root"
  >
    <div
      class="MuiToolbar-root MuiToolbar-gutters MuiToolbar-regular MuiTablePagination-toolbar css-78c6dr-MuiToolbar-root-MuiTablePagination-toolbar"
    >
      <div
        class="MuiTablePagination-spacer css-1psng7p-MuiTablePagination-spacer"
      />
      <p
        class="MuiTablePagination-selectLabel css-pdct74-MuiTablePagination-selectLabel"
        id=":r2:"
      >
        Rows per page:
      </p>
      <div
        class="MuiInputBase-root MuiInputBase-colorPrimary css-16c50h-MuiInputBase-root-MuiTablePagination-select"
      >
        <div
          aria-expanded="false"
          aria-haspopup="listbox"
          aria-labelledby=":r2: :r1:"
          class="MuiSelect-select MuiTablePagination-select MuiSelect-standard MuiInputBase-input css-194a1fa-MuiSelect-select-MuiInputBase-input"
          id=":r1:"
          role="button"
          tabindex="0"
        >
          10
        </div>
        <input
          aria-hidden="true"
          class="MuiSelect-nativeInput css-yf8vq0-MuiSelect-nativeInput"
          tabindex="-1"
          value="10"
        />
        <svg
          aria-hidden="true"
          class="MuiSvgIcon-root MuiSvgIcon-fontSizeMedium MuiSelect-icon MuiTablePagination-selectIcon MuiSelect-iconStandard css-pqjvzy-MuiSvgIcon-root-MuiSelect-icon"
          data-testid="ArrowDropDownIcon"
          focusable="false"
          viewBox="0 0 24 24"
        >
          <path
            d="M7 10l5 5 5-5z"
          />
        </svg>
      </div>
      <p
        class="MuiTablePagination-displayedRows css-levciy-MuiTablePagination-displayedRows"
      >
        1–1 of 1
      </p>
      <div
        class="MuiTablePagination-actions"
      >
        <button
          aria-label="Go to previous page"
          class="MuiButtonBase-root Mui-disabled MuiIconButton-root Mui-disabled MuiIconButton-colorInherit MuiIconButton-sizeMedium css-zylse7-MuiButtonBase-root-MuiIconButton-root"
          disabled=""
          tabindex="-1"
          title="Go to previous page"
          type="button"
        >
          <svg
            aria-hidden="true"
            class="MuiSvgIcon-root MuiSvgIcon-fontSizeMedium css-i4bv87-MuiSvgIcon-root"
            data-testid="KeyboardArrowLeftIcon"
            focusable="false"
            viewBox="0 0 24 24"
          >
            <path
              d="M15.41 16.09l-4.58-4.59 4.58-4.59L14 5.5l-6 6 6 6z"
            />
          </svg>
        </button>
        <button
          aria-label="Go to next page"
          class="MuiButtonBase-root Mui-disabled MuiIconButton-root Mui-disabled MuiIconButton-colorInherit MuiIconButton-sizeMedium css-zylse7-MuiButtonBase-root-MuiIconButton-root"
          disabled=""
          tabindex="-1"
          title="Go to next page"
          type="button"
        >
          <svg
            aria-hidden="true"
            class="MuiSvgIcon-root MuiSvgIcon-fontSizeMedium css-i4bv87-MuiSvgIcon-root"
            data-testid="KeyboardArrowRightIcon"
            focusable="false"
            viewBox="0 0 24 24"
          >
            <path
              d="M8.59 16.34l4.58-4.59-4.58-4.59L10 5.75l6 6-6 6z"
            />
          </svg>
        </button>
      </div>
    </div>
  </div>
</DocumentFragment>
`;
