// Jest Snapshot v1, https://goo.gl/fbAQLP

exports[`Header matches snapshot 1`] = `
<DocumentFragment>
  <header
    class="MuiPaper-root MuiPaper-elevation MuiPaper-elevation4 MuiAppBar-root MuiAppBar-colorPrimary MuiAppBar-positionFixed mui-fixed css-1feu265-MuiPaper-root-MuiAppBar-root"
  >
    <div
      class="MuiToolbar-root MuiToolbar-gutters MuiToolbar-regular css-1dkyowb-MuiToolbar-root"
    >
      <img
        alt="logo"
        data-nimg="1"
        decoding="async"
        height="9"
        loading="lazy"
        src="/_next/image?url=%2Fassets%2Flogo.jpg&w=128&q=75"
        srcset="/_next/image?url=%2Fassets%2Flogo.jpg&w=64&q=75 1x, /_next/image?url=%2Fassets%2Flogo.jpg&w=128&q=75 2x"
        style="color: transparent;"
        width="50"
      />
      <ul
        class="MuiList-root MuiList-padding css-1e3wvh6-MuiList-root"
      >
        <a
          href="/"
          style="text-decoration: none;"
        >
          <div
            class="MuiBox-root css-1fojr6f"
          >
            <p
              class="MuiTypography-root MuiTypography-body1 css-vkc4v8-MuiTypography-root"
            >
              dashboard
            </p>
          </div>
        </a>
        <a
          href="/stock/products"
          style="text-decoration: none;"
        >
          <div
            class="MuiBox-root css-1fojr6f"
          >
            <p
              class="MuiTypography-root MuiTypography-body1 css-vkc4v8-MuiTypography-root"
            >
              stock
            </p>
          </div>
        </a>
        <a
          href="/orders/purchases"
          style="text-decoration: none;"
        >
          <div
            class="MuiBox-root css-1fojr6f"
          >
            <p
              class="MuiTypography-root MuiTypography-body1 css-vkc4v8-MuiTypography-root"
            >
              orders
            </p>
          </div>
        </a>
        <a
          href="/contacts/customers"
          style="text-decoration: none;"
        >
          <div
            class="MuiBox-root css-1fojr6f"
          >
            <p
              class="MuiTypography-root MuiTypography-body1 css-1we0tu4-MuiTypography-root"
            >
              contacts
            </p>
          </div>
        </a>
        <a
          href="/bulk-email"
          style="text-decoration: none;"
        >
          <div
            class="MuiBox-root css-1fojr6f"
          >
            <p
              class="MuiTypography-root MuiTypography-body1 css-vkc4v8-MuiTypography-root"
            >
              bulkEmail
            </p>
          </div>
        </a>
        <a
          href="/logistics"
          style="text-decoration: none;"
        >
          <div
            class="MuiBox-root css-1fojr6f"
          >
            <p
              class="MuiTypography-root MuiTypography-body1 css-vkc4v8-MuiTypography-root"
            >
              logistics
            </p>
          </div>
        </a>
      </ul>
      <div
        class="MuiBox-root css-i9gxme"
      />
      <div
        class="MuiBox-root css-70qvj9"
      >
        <a
          href="/my-tasks"
          style="text-decoration: none;"
        >
          <div
            class="MuiBox-root css-1fojr6f"
          >
            <p
              class="MuiTypography-root MuiTypography-body1 css-vkc4v8-MuiTypography-root"
            >
              myTasks
            </p>
          </div>
        </a>
        <div
          class="MuiBox-root css-1dwbrks"
        />
        <button
          class="MuiButtonBase-root MuiIconButton-root MuiIconButton-sizeMedium css-av538e-MuiButtonBase-root-MuiIconButton-root"
          tabindex="0"
          type="button"
        >
          <img
            alt="Netherlands"
            height="20"
            src="/assets/icons/ic_flag_nl.svg"
            width="30"
          />
          <span
            class="MuiTouchRipple-root css-8je8zh-MuiTouchRipple-root"
          />
        </button>
        <div
          class="MuiBox-root css-16cpzd8"
        />
        <div
          class="MuiAvatar-root MuiAvatar-circular MuiAvatar-colorDefault css-1dnh70-MuiAvatar-root"
        >
          <svg
            aria-hidden="true"
            class="MuiSvgIcon-root MuiSvgIcon-fontSizeMedium MuiAvatar-fallback css-10mi8st-MuiSvgIcon-root-MuiAvatar-fallback"
            data-testid="PersonIcon"
            focusable="false"
            viewBox="0 0 24 24"
          >
            <path
              d="M12 12c2.21 0 4-1.79 4-4s-1.79-4-4-4-4 1.79-4 4 1.79 4 4 4zm0 2c-2.67 0-8 1.34-8 4v2h16v-2c0-2.66-5.33-4-8-4z"
            />
          </svg>
        </div>
        <h5
          class="MuiTypography-root MuiTypography-h5 css-18ezm2a-MuiTypography-root"
        />
        <button
          class="MuiButtonBase-root MuiIconButton-root MuiIconButton-sizeMedium css-78trlr-MuiButtonBase-root-MuiIconButton-root"
          tabindex="0"
          type="button"
        >
          <svg
            aria-hidden="true"
            class="MuiSvgIcon-root MuiSvgIcon-fontSizeMedium css-uym7v6-MuiSvgIcon-root"
            data-testid="ChevronRightIcon"
            focusable="false"
            viewBox="0 0 24 24"
          >
            <path
              d="M10 6 8.59 7.41 13.17 12l-4.58 4.59L10 18l6-6z"
            />
          </svg>
          <span
            class="MuiTouchRipple-root css-8je8zh-MuiTouchRipple-root"
          />
        </button>
      </div>
    </div>
  </header>
</DocumentFragment>
`;
