// Jest Snapshot v1, https://goo.gl/fbAQLP

exports[`EditModal matches snapshot 1`] = `<DocumentFragment />`;
