// Jest Snapshot v1, https://goo.gl/fbAQLP

exports[`TextField matches snapshot 1`] = `<DocumentFragment />`;
