// Jest Snapshot v1, https://goo.gl/fbAQLP

exports[`CreateModal matches snapshot 1`] = `<DocumentFragment />`;
