// Jest Snapshot v1, https://goo.gl/fbAQLP

exports[`BorderedBox matches snapshot 1`] = `<DocumentFragment />`;
