// Jest Snapshot v1, https://goo.gl/fbAQLP

exports[`TopLinearProgress matches snapshot 1`] = `
<DocumentFragment>
  <div
    id="progress"
  />
</DocumentFragment>
`;
